Microchip MPLAB XC8 Compiler V2.36

Linker command line:

-W-3 --edf=C:\Program Files\Microchip\xc8\v2.36\pic\dat\en_msgs.txt \
  -pivt0x8=08h -cn -h+dist/default/production\EMUZ80-V30G.X.production.sym \
  --cmf=dist/default/production\EMUZ80-V30G.X.production.cmf -z -Q18F47Q84 \
  -oC:\Users\hiroy\AppData\Local\Temp\xcAs6q4.5 --defsym=__MPLAB_BUILD=1 \
  -Mdist/default/production/EMUZ80-V30G.X.production.map \
  --md=C:\Users\hiroy\AppData\Local\Temp\xcAs6q4.dat -E1 -ver=XC8 Compiler \
  --acfsm=1493 -p_rom_text=10000h -p_rom2_text=1C000h -p_rom1_text=18000h \
  -p_reset_text=1FFF0h -ACODE=00h-01FFFFh -ACONST=00h-01FFFFh \
  -ASMALLCONST=03700h-037FFhx457 \
  -AMEDIUMCONST=03700h-0FFFFh,013700h-01FFFFh -ACOMRAM=0501h-055Fh \
  -AABS1=0500h-036FFh -ABIGRAM=0501h-036FFh \
  -ARAM=0560h-05FFh,0600h-06FFhx49 -ABANK5=0560h-05FFh -ABANK6=0600h-06FFh \
  -ABANK7=0700h-07FFh -ABANK8=0800h-08FFh -ABANK9=0900h-09FFh \
  -ABANK10=0A00h-0AFFh -ABANK11=0B00h-0BFFh -ABANK12=0C00h-0CFFh \
  -ABANK13=0D00h-0DFFh -ABANK14=0E00h-0EFFh -ABANK15=0F00h-0FFFh \
  -ABANK16=01000h-010FFh -ABANK17=01100h-011FFh -ABANK18=01200h-012FFh \
  -ABANK19=01300h-013FFh -ABANK20=01400h-014FFh -ABANK21=01500h-015FFh \
  -ABANK22=01600h-016FFh -ABANK23=01700h-017FFh -ABANK24=01800h-018FFh \
  -ABANK25=01900h-019FFh -ABANK26=01A00h-01AFFh -ABANK27=01B00h-01BFFh \
  -ABANK28=01C00h-01CFFh -ABANK29=01D00h-01DFFh -ABANK30=01E00h-01EFFh \
  -ABANK31=01F00h-01FFFh -ABANK32=02000h-020FFh -ABANK33=02100h-021FFh \
  -ABANK34=02200h-022FFh -ABANK35=02300h-023FFh -ABANK36=02400h-024FFh \
  -ABANK37=02500h-025FFh -ABANK38=02600h-026FFh -ABANK39=02700h-027FFh \
  -ABANK40=02800h-028FFh -ABANK41=02900h-029FFh -ABANK42=02A00h-02AFFh \
  -ABANK43=02B00h-02BFFh -ABANK44=02C00h-02CFFh -ABANK45=02D00h-02DFFh \
  -ABANK46=02E00h-02EFFh -ABANK47=02F00h-02FFFh -ABANK48=03000h-030FFh \
  -ABANK49=03100h-031FFh -ABANK50=03200h-032FFh -ABANK51=03300h-033FFh \
  -ABANK52=03400h-034FFh -ABANK53=03500h-035FFh -ABANK54=03600h-036FFh \
  -ASFR=00h-0FFhx4,0400h-045Fh,0460h-04FFh,03700h-037FFhx9 \
  -ABIGSFR=00h-04FFh,03700h-03FFFh -ACONFIG=0300000h-0300023h \
  -AIDLOC=0200000h-020003Fh -AEEDATA=0380000h-03803FFh -peeprom_data=EEDATA \
  -preset_vec=00h -ppowerup=CODE,init -pramtop=03700h \
  -psmallconst=SMALLCONST -pmediumconst=MEDIUMCONST -pconst=CONST \
  -AFARRAM=00h-00h \
  -prdata=COMRAM,nvrram=COMRAM,nvbit=COMRAM,rbss=COMRAM,rbit=COMRAM \
  -pfarbss=FARRAM,fardata=FARRAM,nvFARRAM=FARRAM \
  -pintsave_regs=BIGRAM,bigbss=BIGRAM,bigdata=BIGRAM -pbss=RAM \
  -pidata=CODE,irdata=CODE,ibigdata=CODE,ifardata=CODE -prparam=COMRAM \
  C:\Users\hiroy\AppData\Local\Temp\xcAs6q4.o \
  dist/default/production\EMUZ80-V30G.X.production.o 

Object code version is 3.11

Machine type is 18F47Q84



                Name                               Link     Load   Length Selector   Space Scale
C:\Users\hiroy\AppData\Local\Temp\xcAs6q4.o
                idloc                            200000   200000       40        0       5
                config                           300000   300000       23        0       4
                init                              1FFF6    1FFF6        4     FFF8       0
                reset_vec                             0        0        4        0       0
dist/default/production\EMUZ80-V30G.X.production.o
                idloc                            200000   200000       40        0       5
                config                           300000   300000       23        0       4
                mediumconst                        FFD6     FFD6       2A     7FEB       0
                ivt0x8                                8        8      102        4       0
                text32                            1FFFC    1FFFC        2     7FFF       0
                text31                            1F1A0    1F1A0        C     7C68       0
                text30                            1E7CA    1E7CA      140     E000       0
                text29                            1F140    1F140       2A     E000       0
                text28                            1F088    1F088       30     E000       0
                text27                            1EFA8    1EFA8       3E     E000       0
                text26                            1E68A    1E68A      140     E000       0
                text25                            1ED4A    1ED4A       84     E000       0
                text24                            1EDCE    1EDCE       70     E000       0
                text23                            1E25A    1E25A      288     E000       0
                text22                            1ECC0    1ECC0       8A     E000       0
                text21                            1E90A    1E90A       D0     E000       0
                text20                            1D8DA    1D8DA      350     E000       0
                text19                            1F0E6    1F0E6       2E     E000       0
                text18                            1DF4E    1DF4E      30C     E000       0
                text17                            1EF62    1EF62       46     E000       0
                text16                            1EB6C    1EB6C       BA     E000       0
                text15                            1E9DA    1E9DA       CC     E000       0
                text14                            1E4E2    1E4E2      1A8     E000       0
                text13                            1F190    1F190        E     E000       0
                text12                            1EE3E    1EE3E       6C     E000       0
                text11                            1F020    1F020       38     E000       0
                text10                            1F0B8    1F0B8       2E     E000       0
                text9                             1EC26    1EC26       9A     E000       0
                text8                             1EF06    1EF06       5C     E000       0
                text7                             1F058    1F058       30     E000       0
                text6                             1EFE6    1EFE6       3A     E000       0
                text5                             1C930    1C930      A2A     E000       0
                text4                             1EAA6    1EAA6       C6     E000       0
                text3                             1D35A    1D35A      580     E000       0
                text2                             1EEAA    1EEAA       5C     E000       0
                text1                             1F16A    1F16A       26     E000       0
                text0                             1DC2A    1DC2A      324     E000       0
                cstackCOMRAM                        501      501       5F      501       1
                cstackBANK5                         560      560       5B      560       1
                bssBANK38                          2600     2600       50     2600       1
                bssBANK5                            5BB      5BB       12      560       1
                cinit                             1F114    1F114       2C     E000       0
                _reset_text                       1FFF0    1FFF0        6     FFF8       0
                _rom2_text                        1C000    1C000      930     E000       0
                _rom1_text                        18000    18000     1EB0     C000       0

TOTAL           Name                               Link     Load   Length     Space
        CLASS   CODE           
                init                              1FFF6    1FFF6        4         0
                reset_vec                             0        0        4         0
                ivt0x8                                8        8      102         0
                text32                            1FFFC    1FFFC        2         0
                text31                            1F1A0    1F1A0        C         0
                text30                            1E7CA    1E7CA      140         0
                text29                            1F140    1F140       2A         0
                text28                            1F088    1F088       30         0
                text27                            1EFA8    1EFA8       3E         0
                text26                            1E68A    1E68A      140         0
                text25                            1ED4A    1ED4A       84         0
                text24                            1EDCE    1EDCE       70         0
                text23                            1E25A    1E25A      288         0
                text22                            1ECC0    1ECC0       8A         0
                text21                            1E90A    1E90A       D0         0
                text20                            1D8DA    1D8DA      350         0
                text19                            1F0E6    1F0E6       2E         0
                text18                            1DF4E    1DF4E      30C         0
                text17                            1EF62    1EF62       46         0
                text16                            1EB6C    1EB6C       BA         0
                text15                            1E9DA    1E9DA       CC         0
                text14                            1E4E2    1E4E2      1A8         0
                text13                            1F190    1F190        E         0
                text12                            1EE3E    1EE3E       6C         0
                text11                            1F020    1F020       38         0
                text10                            1F0B8    1F0B8       2E         0
                text9                             1EC26    1EC26       9A         0
                text8                             1EF06    1EF06       5C         0
                text7                             1F058    1F058       30         0
                text6                             1EFE6    1EFE6       3A         0
                text5                             1C930    1C930      A2A         0
                text4                             1EAA6    1EAA6       C6         0
                text3                             1D35A    1D35A      580         0
                text2                             1EEAA    1EEAA       5C         0
                text1                             1F16A    1F16A       26         0
                text0                             1DC2A    1DC2A      324         0
                cinit                             1F114    1F114       2C         0
                _reset_text                       1FFF0    1FFF0        6         0
                _rom2_text                        1C000    1C000      930         0
                _rom1_text                        18000    18000     1EB0         0

        CLASS   CONST          

        CLASS   SMALLCONST     

        CLASS   MEDIUMCONST    
                mediumconst                        FFD6     FFD6       2A         0

        CLASS   COMRAM         
                cstackCOMRAM                        501      501       5F         1

        CLASS   ABS1           
                abs_s1                              600      600     2000         1

        CLASS   BIGRAM         

        CLASS   RAM            

        CLASS   BANK5          
                cstackBANK5                         560      560       5B         1
                bssBANK5                            5BB      5BB       12         1

        CLASS   BANK6          

        CLASS   BANK7          

        CLASS   BANK8          

        CLASS   BANK9          

        CLASS   BANK10         

        CLASS   BANK11         

        CLASS   BANK12         

        CLASS   BANK13         

        CLASS   BANK14         

        CLASS   BANK15         

        CLASS   BANK16         

        CLASS   BANK17         

        CLASS   BANK18         

        CLASS   BANK19         

        CLASS   BANK20         

        CLASS   BANK21         

        CLASS   BANK22         

        CLASS   BANK23         

        CLASS   BANK24         

        CLASS   BANK25         

        CLASS   BANK26         

        CLASS   BANK27         

        CLASS   BANK28         

        CLASS   BANK29         

        CLASS   BANK30         

        CLASS   BANK31         

        CLASS   BANK32         

        CLASS   BANK33         

        CLASS   BANK34         

        CLASS   BANK35         

        CLASS   BANK36         

        CLASS   BANK37         

        CLASS   BANK38         
                bssBANK38                          2600     2600       50         1

        CLASS   BANK39         

        CLASS   BANK40         

        CLASS   BANK41         

        CLASS   BANK42         

        CLASS   BANK43         

        CLASS   BANK44         

        CLASS   BANK45         

        CLASS   BANK46         

        CLASS   BANK47         

        CLASS   BANK48         

        CLASS   BANK49         

        CLASS   BANK50         

        CLASS   BANK51         

        CLASS   BANK52         

        CLASS   BANK53         

        CLASS   BANK54         

        CLASS   SFR            

        CLASS   BIGSFR         

        CLASS   CONFIG         
                config                           300000   300000       23         4

        CLASS   IDLOC          
                idloc                            200000   200000       40         5

        CLASS   EEDATA         

        CLASS   FARRAM         

        CLASS   HEAP           

        CLASS   STACK          



SEGMENTS        Name                           Load    Length   Top    Selector   Space  Class

                reset_vec                      000000  000004  000004         0       0  CODE    
                ivt0x8                         000008  000102  00010A         4       0  CODE    
                cstackCOMRAM                   000501  00005F  000560       501       1  COMRAM  
                cstackBANK5                    000560  00006D  0005CD       560       1  BANK5   
                bssBANK38                      002600  000050  002650      2600       1  BANK38  
                mediumconst                    00FFD6  00002A  010000      7FEB       0  MEDIUMCO
                _rom1_text                     018000  001EB0  019EB0      C000       0  CODE    
                _rom2_text                     01C000  00319E  01F19E      E000       0  CODE    
                text31                         01F1A0  00000C  01F1AC      7C68       0  CODE    
                _reset_text                    01FFF0  00000A  01FFFA      FFF8       0  CODE    
                text32                         01FFFC  000002  01FFFE      7FFF       0  CODE    


UNUSED ADDRESS RANGES

        Name                Unused          Largest block    Delta
        BANK38           002650-0026FF               B0
        BANK39           002700-0027FF              100
        BANK40           002800-0028FF              100
        BANK41           002900-0029FF              100
        BANK42           002A00-002AFF              100
        BANK43           002B00-002BFF              100
        BANK44           002C00-002CFF              100
        BANK45           002D00-002DFF              100
        BANK46           002E00-002EFF              100
        BANK47           002F00-002FFF              100
        BANK48           003000-0030FF              100
        BANK49           003100-0031FF              100
        BANK5            0005CD-0005FF               33
        BANK50           003200-0032FF              100
        BANK51           003300-0033FF              100
        BANK52           003400-0034FF              100
        BANK53           003500-0035FF              100
        BANK54           003600-0036FF              100
        BIGRAM           0005CD-0005FF               33
                         002650-0036FF             10B0
        BIGSFR           000000-0004FF              500
                         003700-003FFF              900
        CODE             000004-000007                4
                         00010A-00FFD5             FECC
                         010000-017FFF             8000
                         019EB0-01BFFF             2150
                         01F19E-01F19F                2
                         01F1AC-01FFEF              E44
                         01FFFA-01FFFB                2
                         01FFFE-01FFFF                2
        CONFIG           300023-300023                1
        CONST            000004-000007                4
                         00010A-00FFD5             FECC
                         010000-017FFF             8000
                         019EB0-01BFFF             2150
                         01F19E-01F19F                2
                         01F1AC-01FFEF              E44
                         01FFFA-01FFFB                2
                         01FFFE-01FFFF                2
        EEDATA           380000-3803FF              400
        MEDIUMCONST      003700-00FFD5             C8D6
                         013700-017FFF             4900
                         019EB0-01BFFF             2150
                         01F19E-01F19F                2
                         01F1AC-01FFEF              E44
                         01FFFA-01FFFB                2
                         01FFFE-01FFFF                2
        RAM              0005CD-0005FF               33
                         002650-0036FF              100
        SFR              000000-0004FF              100
                         003700-003FFF              100
        SMALLCONST       003700-00FFD5              100
                         010000-017FFF              100
                         019EB0-01BFFF              100
                         01F19E-01F19F                2
                         01F1AC-01FFEF              100
                         01FFFA-01FFFB                2
                         01FFFE-01FFFF                2

                                  Symbol Table

?___awdiv                cstackCOMRAM 000501
?___awmod                cstackCOMRAM 000501
?___fladd                cstackCOMRAM 000501
?___fldiv                cstackCOMRAM 000528
?___flmul                cstackCOMRAM 00050F
?___flneg                cstackCOMRAM 000501
?___flsub                cstackCOMRAM 000528
?___fltol                cstackCOMRAM 000501
?___fpclassifyf          cstackCOMRAM 000501
?___wmul                 cstackCOMRAM 000501
?___xxtofl               cstackCOMRAM 000501
?_atoi                   cstackCOMRAM 000508
?_efgtoa                 cstackCOMRAM 000555
?_floorf                 cstackCOMRAM 000541
?_isdigit                cstackCOMRAM 000501
?_isspace                cstackCOMRAM 000501
?_isupper                cstackCOMRAM 000501
?_pad                    cstackCOMRAM 000512
?_printf                 cstackBANK5  0005AD
?_strlen                 cstackCOMRAM 000501
?_strncmp                cstackCOMRAM 000501
?_tolower                cstackCOMRAM 000507
?_vfpfcnvrt              cstackBANK5  000597
?_vfprintf               cstackBANK5  0005A5
IVTBASEH                 (abs)        00045E
IVTBASEL                 (abs)        00045D
IVTBASEU                 (abs)        00045F
_ANSELA0                 (abs)        002000
_ANSELA1                 (abs)        002001
_ANSELA2                 (abs)        002002
_ANSELA4                 (abs)        002004
_ANSELA5                 (abs)        002005
_ANSELA6                 (abs)        002006
_ANSELA7                 (abs)        002007
_ANSELB0                 (abs)        002040
_ANSELB1                 (abs)        002041
_ANSELB2                 (abs)        002042
_ANSELB3                 (abs)        002043
_ANSELB4                 (abs)        002044
_ANSELC                  (abs)        000410
_ANSELD                  (abs)        000418
_ANSELE0                 (abs)        002100
_ANSELE1                 (abs)        002101
_ANSELE2                 (abs)        002102
_BSR                     (abs)        0004E0
_CLCIN0PPS               (abs)        000261
_CLCIN2PPS               (abs)        000263
_CLCIN3PPS               (abs)        000264
_CLCIN6PPS               (abs)        000267
_CLCSELECT               (abs)        0000D5
_CLCnCON                 (abs)        0000D6
_CLCnGLS0                (abs)        0000DC
_CLCnGLS1                (abs)        0000DD
_CLCnGLS2                (abs)        0000DE
_CLCnGLS3                (abs)        0000DF
_CLCnPOL                 (abs)        0000D7
_CLCnSEL0                (abs)        0000D8
_CLCnSEL1                (abs)        0000D9
_CLCnSEL2                (abs)        0000DA
_CLCnSEL3                (abs)        0000DB
_Default_ISR             text32       01FFFC
_GIE                     (abs)        0026B7
_IVTBASE                 (abs)        00045D
_IVTLOCK                 (abs)        000459
_IVTLOCKbits             (abs)        000459
_LATA0                   (abs)        0025F0
_LATA4                   (abs)        0025F4
_LATA5                   (abs)        0025F5
_LATA6                   (abs)        0025F6
_LATB3                   (abs)        0025FB
_LATC                    (abs)        0004C0
_LATD                    (abs)        0004C1
_LATE0                   (abs)        002610
_LATE1                   (abs)        002611
_LATE2                   (abs)        002612
_NCO1CLK                 (abs)        000447
_NCO1EN                  (abs)        002237
_NCO1INC                 (abs)        000443
_NCO1OUT                 (abs)        002235
_NCO1PFM                 (abs)        002230
_OSCFRQ                  (abs)        0000B1
_PORTC                   (abs)        0004D0
_RA1PPS                  (abs)        000202
_RA6PPS                  (abs)        000207
_RB1                     (abs)        002679
_RB2                     (abs)        00267A
_RB4                     (abs)        00267C
_TBLPTRH                 (abs)        0004F7
_TBLPTRL                 (abs)        0004F6
_TBLPTRU                 (abs)        0004F8
_TRISA0                  (abs)        002630
_TRISA1                  (abs)        002631
_TRISA2                  (abs)        002632
_TRISA4                  (abs)        002634
_TRISA5                  (abs)        002635
_TRISA6                  (abs)        002636
_TRISA7                  (abs)        002637
_TRISB0                  (abs)        002638
_TRISB1                  (abs)        002639
_TRISB2                  (abs)        00263A
_TRISB3                  (abs)        00263B
_TRISB4                  (abs)        00263C
_TRISC                   (abs)        0004C8
_TRISD                   (abs)        0004C9
_TRISE0                  (abs)        002650
_TRISE1                  (abs)        002651
_TRISE2                  (abs)        002652
_U3BRG                   (abs)        0002D4
_U3ON                    (abs)        001697
_U3RXB                   (abs)        0002C7
_U3RXEN                  (abs)        00168C
_U3RXIF                  (abs)        0025B8
_U3RXPPS                 (abs)        000276
_U3TXB                   (abs)        0002C9
_U3TXEN                  (abs)        00168D
_U3TXIF                  (abs)        0025B9
_UART_receive            text31       01F1A0
_WPUA2                   (abs)        00200A
_WPUB0                   (abs)        002048
_WPUB1                   (abs)        002049
_WPUB2                   (abs)        00204A
_WPUB4                   (abs)        00204C
_WPUC                    (abs)        000411
_WPUD                    (abs)        000419
__HRAM                   (abs)        000000
__H_reset_text           _reset_text  01FFF6
__H_rom1_text            _rom1_text   019EB0
__H_rom2_text            _rom2_text   01C930
__H_rom_text             _rom_text    010000
__Habs1                  abs1         000000
__Hbank10                bank10       000000
__Hbank11                bank11       000000
__Hbank12                bank12       000000
__Hbank13                bank13       000000
__Hbank14                bank14       000000
__Hbank15                bank15       000000
__Hbank16                bank16       000000
__Hbank17                bank17       000000
__Hbank18                bank18       000000
__Hbank19                bank19       000000
__Hbank20                bank20       000000
__Hbank21                bank21       000000
__Hbank22                bank22       000000
__Hbank23                bank23       000000
__Hbank24                bank24       000000
__Hbank25                bank25       000000
__Hbank26                bank26       000000
__Hbank27                bank27       000000
__Hbank28                bank28       000000
__Hbank29                bank29       000000
__Hbank30                bank30       000000
__Hbank31                bank31       000000
__Hbank32                bank32       000000
__Hbank33                bank33       000000
__Hbank34                bank34       000000
__Hbank35                bank35       000000
__Hbank36                bank36       000000
__Hbank37                bank37       000000
__Hbank38                bank38       000000
__Hbank39                bank39       000000
__Hbank40                bank40       000000
__Hbank41                bank41       000000
__Hbank42                bank42       000000
__Hbank43                bank43       000000
__Hbank44                bank44       000000
__Hbank45                bank45       000000
__Hbank46                bank46       000000
__Hbank47                bank47       000000
__Hbank48                bank48       000000
__Hbank49                bank49       000000
__Hbank5                 bank5        000000
__Hbank50                bank50       000000
__Hbank51                bank51       000000
__Hbank52                bank52       000000
__Hbank53                bank53       000000
__Hbank54                bank54       000000
__Hbank6                 bank6        000000
__Hbank7                 bank7        000000
__Hbank8                 bank8        000000
__Hbank9                 bank9        000000
__Hbigbss                bigbss       000000
__Hbigdata               bigdata      000000
__Hbigram                bigram       000000
__Hbigsfr                bigsfr       000000
__Hbss                   bss          000000
__HbssBANK38             bssBANK38    000000
__HbssBANK5              bssBANK5     000000
__Hcinit                 cinit        000000
__Hclrtext               clrtext      000000
__Hcomram                comram       000000
__Hconfig                config       300023
__Hconst                 const        000000
__HcstackBANK5           cstackBANK5  000000
__HcstackCOMRAM          cstackCOMRAM 000000
__Hdata                  data         000000
__Heeprom_data           eeprom_data  000000
__Hfarbss                farbss       000000
__Hfardata               fardata      000000
__Hheap                  heap         000000
__Hibigdata              ibigdata     000000
__Hidata                 idata        000000
__Hidloc                 idloc        200040
__Hifardata              ifardata     000000
__Hinit                  init         01FFFA
__Hintsave_regs          intsave_regs 000000
__Hirdata                irdata       000000
__Hivt0x8                ivt0x8       00010A
__Hmediumconst           mediumconst  010000
__HnvFARRAM              nvFARRAM     000000
__Hnvbit                 nvbit        000000
__Hnvrram                nvrram       000000
__Hparam                 rparam       000000
__Hpowerup               powerup      000000
__Hram                   ram          000000
__Hramtop                ramtop       003700
__Hrbit                  rbit         000000
__Hrbss                  rbss         000000
__Hrdata                 rdata        000000
__Hreset_vec             reset_vec    000004
__Hrparam                rparam       000000
__Hsfr                   sfr          000000
__Hsmallconst            smallconst   000000
__Hspace_0               (abs)        01FFFE
__Hspace_1               (abs)        002650
__Hspace_2               (abs)        000000
__Hspace_4               (abs)        600023
__Hstack                 stack        000000
__Hstruct                struct       000000
__Htemp                  temp         000000
__Htext                  text         000000
__Htext0                 text0        000000
__Htext1                 text1        000000
__Htext10                text10       000000
__Htext11                text11       000000
__Htext12                text12       000000
__Htext13                text13       000000
__Htext14                text14       000000
__Htext15                text15       000000
__Htext16                text16       000000
__Htext17                text17       000000
__Htext18                text18       000000
__Htext19                text19       000000
__Htext2                 text2        000000
__Htext20                text20       000000
__Htext21                text21       000000
__Htext22                text22       000000
__Htext23                text23       000000
__Htext24                text24       000000
__Htext25                text25       000000
__Htext26                text26       000000
__Htext27                text27       000000
__Htext28                text28       000000
__Htext29                text29       000000
__Htext3                 text3        000000
__Htext30                text30       000000
__Htext31                text31       000000
__Htext32                text32       000000
__Htext4                 text4        000000
__Htext5                 text5        000000
__Htext6                 text6        000000
__Htext7                 text7        000000
__Htext8                 text8        000000
__Htext9                 text9        000000
__LRAM                   (abs)        000001
__L_reset_text           _reset_text  01FFF0
__L_rom1_text            _rom1_text   018000
__L_rom2_text            _rom2_text   01C000
__L_rom_text             _rom_text    010000
__Labs1                  abs1         000000
__Lbank10                bank10       000000
__Lbank11                bank11       000000
__Lbank12                bank12       000000
__Lbank13                bank13       000000
__Lbank14                bank14       000000
__Lbank15                bank15       000000
__Lbank16                bank16       000000
__Lbank17                bank17       000000
__Lbank18                bank18       000000
__Lbank19                bank19       000000
__Lbank20                bank20       000000
__Lbank21                bank21       000000
__Lbank22                bank22       000000
__Lbank23                bank23       000000
__Lbank24                bank24       000000
__Lbank25                bank25       000000
__Lbank26                bank26       000000
__Lbank27                bank27       000000
__Lbank28                bank28       000000
__Lbank29                bank29       000000
__Lbank30                bank30       000000
__Lbank31                bank31       000000
__Lbank32                bank32       000000
__Lbank33                bank33       000000
__Lbank34                bank34       000000
__Lbank35                bank35       000000
__Lbank36                bank36       000000
__Lbank37                bank37       000000
__Lbank38                bank38       000000
__Lbank39                bank39       000000
__Lbank40                bank40       000000
__Lbank41                bank41       000000
__Lbank42                bank42       000000
__Lbank43                bank43       000000
__Lbank44                bank44       000000
__Lbank45                bank45       000000
__Lbank46                bank46       000000
__Lbank47                bank47       000000
__Lbank48                bank48       000000
__Lbank49                bank49       000000
__Lbank5                 bank5        000000
__Lbank50                bank50       000000
__Lbank51                bank51       000000
__Lbank52                bank52       000000
__Lbank53                bank53       000000
__Lbank54                bank54       000000
__Lbank6                 bank6        000000
__Lbank7                 bank7        000000
__Lbank8                 bank8        000000
__Lbank9                 bank9        000000
__Lbigbss                bigbss       000000
__Lbigdata               bigdata      000000
__Lbigram                bigram       000000
__Lbigsfr                bigsfr       000000
__Lbss                   bss          000000
__LbssBANK38             bssBANK38    000000
__LbssBANK5              bssBANK5     000000
__Lcinit                 cinit        000000
__Lclrtext               clrtext      000000
__Lcomram                comram       000000
__Lconfig                config       000000
__Lconst                 const        000000
__LcstackBANK5           cstackBANK5  000000
__LcstackCOMRAM          cstackCOMRAM 000000
__Ldata                  data         000000
__Leeprom_data           eeprom_data  000000
__Lfarbss                farbss       000000
__Lfardata               fardata      000000
__Lheap                  heap         000000
__Libigdata              ibigdata     000000
__Lidata                 idata        000000
__Lidloc                 idloc        000000
__Lifardata              ifardata     000000
__Linit                  init         01FFF6
__Lintsave_regs          intsave_regs 000000
__Lirdata                irdata       000000
__Livt0x8                ivt0x8       000008
__Lmediumconst           mediumconst  00FFD6
__LnvFARRAM              nvFARRAM     000000
__Lnvbit                 nvbit        000000
__Lnvrram                nvrram       000000
__Lparam                 rparam       000000
__Lpowerup               powerup      000000
__Lram                   ram          000000
__Lramtop                ramtop       003700
__Lrbit                  rbit         000000
__Lrbss                  rbss         000000
__Lrdata                 rdata        000000
__Lreset_vec             reset_vec    000000
__Lrparam                rparam       000000
__Lsfr                   sfr          000000
__Lsmallconst            smallconst   000000
__Lspace_0               (abs)        000000
__Lspace_1               (abs)        000000
__Lspace_2               (abs)        000000
__Lspace_4               (abs)        000000
__Lstack                 stack        000000
__Lstruct                struct       000000
__Ltemp                  temp         000000
__Ltext                  text         000000
__Ltext0                 text0        000000
__Ltext1                 text1        000000
__Ltext10                text10       000000
__Ltext11                text11       000000
__Ltext12                text12       000000
__Ltext13                text13       000000
__Ltext14                text14       000000
__Ltext15                text15       000000
__Ltext16                text16       000000
__Ltext17                text17       000000
__Ltext18                text18       000000
__Ltext19                text19       000000
__Ltext2                 text2        000000
__Ltext20                text20       000000
__Ltext21                text21       000000
__Ltext22                text22       000000
__Ltext23                text23       000000
__Ltext24                text24       000000
__Ltext25                text25       000000
__Ltext26                text26       000000
__Ltext27                text27       000000
__Ltext28                text28       000000
__Ltext29                text29       000000
__Ltext3                 text3        000000
__Ltext30                text30       000000
__Ltext31                text31       000000
__Ltext32                text32       000000
__Ltext4                 text4        000000
__Ltext5                 text5        000000
__Ltext6                 text6        000000
__Ltext7                 text7        000000
__Ltext8                 text8        000000
__Ltext9                 text9        000000
__S0                     (abs)        01FFFE
__S1                     (abs)        002650
__S4                     (abs)        000000
__S5                     (abs)        000000
___awdiv                 text25       01ED4A
___awdiv@counter         cstackCOMRAM 000505
___awdiv@dividend        cstackCOMRAM 000501
___awdiv@divisor         cstackCOMRAM 000503
___awdiv@quotient        cstackCOMRAM 000507
___awdiv@sign            cstackCOMRAM 000506
___awmod                 text24       01EDCE
___awmod@counter         cstackCOMRAM 000505
___awmod@dividend        cstackCOMRAM 000501
___awmod@divisor         cstackCOMRAM 000503
___awmod@sign            cstackCOMRAM 000506
___fladd                 text18       01DF4E
___fladd@a               cstackCOMRAM 000505
___fladd@aexp            cstackCOMRAM 00050E
___fladd@b               cstackCOMRAM 000501
___fladd@bexp            cstackCOMRAM 00050F
___fladd@grs             cstackCOMRAM 000510
___fladd@signs           cstackCOMRAM 00050D
___fldiv                 text23       01E25A
___fldiv@a               cstackCOMRAM 00052C
___fldiv@aexp            cstackCOMRAM 000540
___fldiv@b               cstackCOMRAM 000528
___fldiv@bexp            cstackCOMRAM 00053F
___fldiv@grs             cstackCOMRAM 00053B
___fldiv@new_exp         cstackCOMRAM 000539
___fldiv@rem             cstackCOMRAM 000534
___fldiv@sign            cstackCOMRAM 000538
___fleq                  text22       01ECC0
___fleq@ff1              cstackCOMRAM 000501
___fleq@ff2              cstackCOMRAM 000505
___flge                  text21       01E90A
___flge@ff1              cstackCOMRAM 000528
___flge@ff2              cstackCOMRAM 00052C
___flmul                 text20       01D8DA
___flmul@a               cstackCOMRAM 000513
___flmul@aexp            cstackCOMRAM 00051C
___flmul@b               cstackCOMRAM 00050F
___flmul@bexp            cstackCOMRAM 000521
___flmul@grs             cstackCOMRAM 00051D
___flmul@prod            cstackCOMRAM 000522
___flmul@sign            cstackCOMRAM 00051B
___flmul@temp            cstackCOMRAM 000526
___flneg                 text19       01F0E6
___flneg@f1              cstackCOMRAM 000501
___flsub                 text17       01EF62
___flsub@a               cstackCOMRAM 00052C
___flsub@b               cstackCOMRAM 000528
___fltol                 text16       01EB6C
___fltol@exp1            cstackCOMRAM 00050A
___fltol@f1              cstackCOMRAM 000501
___fltol@sign1           cstackCOMRAM 000509
___fpclassifyf           text15       01E9DA
___fpclassifyf@F465      bssBANK5     0005BF
___fpclassifyf@e         cstackCOMRAM 000509
___fpclassifyf@u         cstackCOMRAM 00050B
___fpclassifyf@x         cstackCOMRAM 000501
___heap_hi               (abs)        000000
___heap_lo               (abs)        000000
___inthi_sp              stack        000000
___intlo_sp              stack        000000
___param_bank            (abs)        000000
___rparam_used           (abs)        000001
___sp                    stack        000000
___wmul                  text29       01F140
___wmul@multiplicand     cstackCOMRAM 000503
___wmul@multiplier       cstackCOMRAM 000501
___wmul@product          cstackCOMRAM 000505
___xxtofl                text30       01E7CA
___xxtofl@arg            cstackCOMRAM 00050B
___xxtofl@exp            cstackCOMRAM 00050A
___xxtofl@sign           cstackCOMRAM 000509
___xxtofl@val            cstackCOMRAM 000501
__accesstop              (abs)        000560
__activetblptr           (abs)        000003
__end_of_Default_ISR     text32       01FFFE
__end_of_UART_receive    text31       01F1AC
__end_of___awdiv         text25       01EDCE
__end_of___awmod         text24       01EE3E
__end_of___fladd         text18       01E25A
__end_of___fldiv         text23       01E4E2
__end_of___fleq          text22       01ED4A
__end_of___flge          text21       01E9DA
__end_of___flmul         text20       01DC2A
__end_of___flneg         text19       01F114
__end_of___flsub         text17       01EFA8
__end_of___fltol         text16       01EC26
__end_of___fpclassifyf   text15       01EAA6
__end_of___wmul          text29       01F16A
__end_of___xxtofl        text30       01E90A
__end_of__initialization cinit        01F13A
__end_of_atoi            text26       01E7CA
__end_of_efgtoa          text5        01D35A
__end_of_floorf          text14       01E68A
__end_of_fputc           text12       01EEAA
__end_of_fputs           text11       01F058
__end_of_isdigit         text28       01F0B8
__end_of_isspace         text27       01EFE6
__end_of_isupper         text7        01F088
__end_of_main            text0        01DF4E
__end_of_pad             text9        01ECC0
__end_of_printf          text1        01F190
__end_of_putch           text13       01F19E
__end_of_reset           _reset_text  01FFF5
__end_of_rom             _rom_text    010000
__end_of_rom1            _rom1_text   019EB0
__end_of_rom2            _rom2_text   01C930
__end_of_strcpy          text8        01EF62
__end_of_strlen          text10       01F0E6
__end_of_strncmp         text4        01EB6C
__end_of_tolower         text6        01F020
__end_of_vfpfcnvrt       text3        01D8DA
__end_of_vfprintf        text2        01EF06
__initialization         cinit        01F114
__mediumconst            mediumconst  00FFD6
__p_reset_text           _reset_text  01FFF0
__p_rom1_text            _rom1_text   018000
__p_rom2_text            _rom2_text   01C000
__p_rom_text             _rom_text    010000
__pbssBANK38             bssBANK38    002600
__pbssBANK5              bssBANK5     0005BB
__pcinit                 cinit        01F114
__pcstackBANK5           cstackBANK5  000560
__pcstackCOMRAM          cstackCOMRAM 000501
__pivt0x8                ivt0x8       000008
__pmediumconst           mediumconst  00FFD6
__ptext0                 text0        01DC2A
__ptext1                 text1        01F16A
__ptext10                text10       01F0B8
__ptext11                text11       01F020
__ptext12                text12       01EE3E
__ptext13                text13       01F190
__ptext14                text14       01E4E2
__ptext15                text15       01E9DA
__ptext16                text16       01EB6C
__ptext17                text17       01EF62
__ptext18                text18       01DF4E
__ptext19                text19       01F0E6
__ptext2                 text2        01EEAA
__ptext20                text20       01D8DA
__ptext21                text21       01E90A
__ptext22                text22       01ECC0
__ptext23                text23       01E25A
__ptext24                text24       01EDCE
__ptext25                text25       01ED4A
__ptext26                text26       01E68A
__ptext27                text27       01EFA8
__ptext28                text28       01F088
__ptext29                text29       01F140
__ptext3                 text3        01D35A
__ptext30                text30       01E7CA
__ptext31                text31       01F1A0
__ptext32                text32       01FFFC
__ptext4                 text4        01EAA6
__ptext5                 text5        01C930
__ptext6                 text6        01EFE6
__ptext7                 text7        01F058
__ptext8                 text8        01EF06
__ptext9                 text9        01EC26
__ramtop                 ramtop       003700
__smallconst             smallconst   000000
_ab                      bssBANK5     0005CB
_atoi                    text26       01E68A
_dbuf                    bssBANK38    002600
_efgtoa                  text5        01C930
_efgtoa$728              cstackBANK5  000565
_efgtoa$736              cstackBANK5  000567
_efgtoa$737              cstackBANK5  000569
_flags                   bssBANK5     0005C9
_floorf                  text14       01E4E2
_fputc                   text12       01EE3E
_fputs                   text11       01F020
_isdigit                 text28       01F088
_isspace                 text27       01EFA8
_isspace$815             cstackCOMRAM 000507
_isupper                 text7        01F058
_main                    text0        01DC2A
_main$1085               cstackBANK5  0005B5
_nout                    bssBANK5     0005C3
_pad                     text9        01EC26
_prec                    bssBANK5     0005C7
_printf                  text1        01F16A
_putch                   text13       01F190
_ram                     (abs)        000600
_reset                   _reset_text  01FFF0
_reset_absaddr           (abs)        01FFF0
_rom                     _rom_text    010000
_rom1                    _rom1_text   018000
_rom1_absaddr            (abs)        018000
_rom2                    _rom2_text   01C000
_rom2_absaddr            (abs)        01C000
_rom_absaddr             (abs)        010000
_strcpy                  text8        01EF06
_strlen                  text10       01F0B8
_strncmp                 text4        01EAA6
_tolower                 text6        01EFE6
_vfpfcnvrt               text3        01D35A
_vfprintf                text2        01EEAA
_width                   bssBANK5     0005C5
atoi@n                   cstackCOMRAM 000510
atoi@neg                 cstackCOMRAM 00050E
atoi@s                   cstackCOMRAM 000508
efgtoa@c                 cstackCOMRAM 00055B
efgtoa@d                 cstackBANK5  000577
efgtoa@e                 cstackBANK5  00058F
efgtoa@f                 cstackCOMRAM 000557
efgtoa@fp                cstackCOMRAM 000555
efgtoa@g                 cstackBANK5  00058B
efgtoa@h                 cstackBANK5  000581
efgtoa@i                 cstackBANK5  000589
efgtoa@l                 cstackBANK5  000585
efgtoa@m                 cstackBANK5  000571
efgtoa@mode              cstackBANK5  000580
efgtoa@n                 cstackBANK5  000591
efgtoa@ne                cstackBANK5  00056F
efgtoa@nmode             cstackBANK5  00057F
efgtoa@ou                cstackBANK5  000573
efgtoa@p                 cstackBANK5  00057B
efgtoa@pp                cstackBANK5  00056D
efgtoa@sign              cstackBANK5  000579
efgtoa@t                 cstackBANK5  00056B
efgtoa@u                 cstackBANK5  000593
efgtoa@w                 cstackBANK5  00057D
end_of_initialization    cinit        01F13A
floorf@F526              bssBANK5     0005BB
floorf@e                 cstackCOMRAM 00054F
floorf@m                 cstackCOMRAM 00054B
floorf@u                 cstackCOMRAM 000551
floorf@x                 cstackCOMRAM 000541
fputc@c                  cstackCOMRAM 000502
fputc@fp                 cstackCOMRAM 000504
fputs@c                  cstackCOMRAM 00050F
fputs@fp                 cstackCOMRAM 00050D
fputs@i                  cstackCOMRAM 000510
fputs@s                  cstackCOMRAM 00050B
intlevel0                text         000000
intlevel1                text         000000
intlevel2                text         000000
intlevel3                text         000000
isa$std                  (abs)        000001
isa$xinst                (abs)        000000
isdigit@c                cstackCOMRAM 000501
isspace@c                cstackCOMRAM 000501
isupper@c                cstackCOMRAM 000501
ivt0x8_base              ivt0x8       000008
ivt0x8_undefint          ivt0x8       000108
main@i                   cstackBANK5  0005B9
pad@buf                  cstackCOMRAM 000514
pad@fp                   cstackCOMRAM 000512
pad@i                    cstackCOMRAM 000519
pad@p                    cstackCOMRAM 000516
pad@w                    cstackCOMRAM 00051B
printf@ap                cstackBANK5  0005B3
printf@fmt               cstackBANK5  0005AD
putch@c                  cstackCOMRAM 000501
stackhi                  (abs)        000000
stacklo                  (abs)        000000
start                    init         01FFF6
start_initialization     cinit        01F114
strcpy@d                 cstackCOMRAM 000509
strcpy@dest              cstackCOMRAM 000501
strcpy@s                 cstackCOMRAM 000507
strcpy@src               cstackCOMRAM 000503
strlen@a                 cstackCOMRAM 000503
strlen@s                 cstackCOMRAM 000501
strncmp@_l               cstackCOMRAM 000501
strncmp@_r               cstackCOMRAM 000503
strncmp@l                cstackCOMRAM 000508
strncmp@n                cstackCOMRAM 000505
strncmp@r                cstackCOMRAM 00050A
tolower@c                cstackCOMRAM 000507
vfpfcnvrt@ap             cstackBANK5  00059B
vfpfcnvrt@c              cstackBANK5  0005A4
vfpfcnvrt@ct             cstackBANK5  0005A1
vfpfcnvrt@f              cstackBANK5  00059D
vfpfcnvrt@fmt            cstackBANK5  000599
vfpfcnvrt@fp             cstackBANK5  000597
vfprintf@ap              cstackBANK5  0005A9
vfprintf@cfmt            cstackBANK5  0005AB
vfprintf@fmt             cstackBANK5  0005A7
vfprintf@fp              cstackBANK5  0005A5


MODULE INFORMATION

Module		Function		Class		Link	Load	Size
C:\Program Files\Microchip\xc8\v2.36\pic\sources\c99\common\nf_fputs.c
		_fputs         		CODE           	1F020	0000	56

C:\Program Files\Microchip\xc8\v2.36\pic\sources\c99\common\nf_fputs.c estimated size: 56

C:\Program Files\Microchip\xc8\v2.36\pic\sources\c99\common\printf.c
		_printf        		CODE           	1F16A	0000	38

C:\Program Files\Microchip\xc8\v2.36\pic\sources\c99\common\printf.c estimated size: 38

C:\Program Files\Microchip\xc8\v2.36\pic\sources\c99\common\strncmp.c
		_strncmp       		CODE           	1EAA6	0000	198

C:\Program Files\Microchip\xc8\v2.36\pic\sources\c99\common\strncmp.c estimated size: 198

C:\Program Files\Microchip\xc8\v2.36\pic\sources\c99\common\tolower.c
		_tolower       		CODE           	1EFE6	0000	58

C:\Program Files\Microchip\xc8\v2.36\pic\sources\c99\common\tolower.c estimated size: 58

C:\Program Files\Microchip\xc8\v2.36\pic\sources\c99\common\__fpclassifyf.c
		___fpclassifyf 		CODE           	1E9DA	0000	204

C:\Program Files\Microchip\xc8\v2.36\pic\sources\c99\common\__fpclassifyf.c estimated size: 204

C:\Program Files\Microchip\xc8\v2.36\pic\sources\c99\common\sprcmul.c
		___flmul       		CODE           	1D8DA	0000	848

C:\Program Files\Microchip\xc8\v2.36\pic\sources\c99\common\sprcmul.c estimated size: 848

C:\Program Files\Microchip\xc8\v2.36\pic\sources\c99\common\floorf.c
		_floorf        		CODE           	1E4E2	0000	424

C:\Program Files\Microchip\xc8\v2.36\pic\sources\c99\common\floorf.c estimated size: 424

C:\Program Files\Microchip\xc8\v2.36\pic\sources\c99\common\sprcdiv.c
		___fldiv       		CODE           	1E25A	0000	648

C:\Program Files\Microchip\xc8\v2.36\pic\sources\c99\common\sprcdiv.c estimated size: 648

C:\Program Files\Microchip\xc8\v2.36\pic\sources\c99\common\atoi.c
		_atoi          		CODE           	1E68A	0000	320

C:\Program Files\Microchip\xc8\v2.36\pic\sources\c99\common\atoi.c estimated size: 320

C:\Program Files\Microchip\xc8\v2.36\pic\sources\c99\common\fleq.c
		___fleq        		CODE           	1ECC0	0000	138

C:\Program Files\Microchip\xc8\v2.36\pic\sources\c99\common\fleq.c estimated size: 138

C:\Program Files\Microchip\xc8\v2.36\pic\sources\c99\common\awmod.c
		___awmod       		CODE           	1EDCE	0000	112

C:\Program Files\Microchip\xc8\v2.36\pic\sources\c99\common\awmod.c estimated size: 112

C:\Program Files\Microchip\xc8\v2.36\pic\sources\c99\common\isspace.c
		_isspace       		CODE           	1EFA8	0000	62

C:\Program Files\Microchip\xc8\v2.36\pic\sources\c99\common\isspace.c estimated size: 62

C:\Program Files\Microchip\xc8\v2.36\pic\sources\c99\common\xxtofl.c
		___xxtofl      		CODE           	1E7CA	0000	320

C:\Program Files\Microchip\xc8\v2.36\pic\sources\c99\common\xxtofl.c estimated size: 320

C:\Program Files\Microchip\xc8\v2.36\pic\sources\c99\common\strlen.c
		_strlen        		CODE           	1F0B8	0000	46

C:\Program Files\Microchip\xc8\v2.36\pic\sources\c99\common\strlen.c estimated size: 46

C:\Program Files\Microchip\xc8\v2.36\pic\sources\c99\common\strcpy.c
		_strcpy        		CODE           	1EF06	0000	92

C:\Program Files\Microchip\xc8\v2.36\pic\sources\c99\common\strcpy.c estimated size: 92

C:\Program Files\Microchip\xc8\v2.36\pic\sources\c99\common\nf_fputc.c
		_fputc         		CODE           	1EE3E	0000	108

C:\Program Files\Microchip\xc8\v2.36\pic\sources\c99\common\nf_fputc.c estimated size: 108

C:\Program Files\Microchip\xc8\v2.36\pic\sources\c99\common\isdigit.c
		_isdigit       		CODE           	1F088	0000	48

C:\Program Files\Microchip\xc8\v2.36\pic\sources\c99\common\isdigit.c estimated size: 48

C:\Program Files\Microchip\xc8\v2.36\pic\sources\c99\common\sprcadd.c
		___flsub       		CODE           	1EF62	0000	70
		___fladd       		CODE           	1DF4E	0000	780

C:\Program Files\Microchip\xc8\v2.36\pic\sources\c99\common\sprcadd.c estimated size: 850

C:\Program Files\Microchip\xc8\v2.36\pic\sources\c99\common\awdiv.c
		___awdiv       		CODE           	1ED4A	0000	132

C:\Program Files\Microchip\xc8\v2.36\pic\sources\c99\common\awdiv.c estimated size: 132

C:\Program Files\Microchip\xc8\v2.36\pic\sources\c99\common\doprnt.c
		_vfpfcnvrt     		CODE           	1D35A	0000	1408
		_efgtoa        		CODE           	1C930	0000	2602
		_pad           		CODE           	1EC26	0000	154
		_vfprintf      		CODE           	1EEAA	0000	92

C:\Program Files\Microchip\xc8\v2.36\pic\sources\c99\common\doprnt.c estimated size: 4256

C:\Program Files\Microchip\xc8\v2.36\pic\sources\c99\common\fltol.c
		___fltol       		CODE           	1EB6C	0000	186

C:\Program Files\Microchip\xc8\v2.36\pic\sources\c99\common\fltol.c estimated size: 186

shared
		_reset         		CODE           	1FFF0	0000	5
		_rom           		CODE           	10000	0000	1
		__initialization		CODE           	1F114	0000	38
		_rom1          		CODE           	18000	0000	7856
		_rom2          		CODE           	1C000	0000	2352

shared estimated size: 10252

C:\Program Files\Microchip\xc8\v2.36\pic\sources\c99\common\flge.c
		___flge        		CODE           	1E90A	0000	208

C:\Program Files\Microchip\xc8\v2.36\pic\sources\c99\common\flge.c estimated size: 208

C:\Program Files\Microchip\xc8\v2.36\pic\sources\c99\common\Umul16.c
		___wmul        		CODE           	1F140	0000	42

C:\Program Files\Microchip\xc8\v2.36\pic\sources\c99\common\Umul16.c estimated size: 42

C:\Program Files\Microchip\xc8\v2.36\pic\sources\c99\common\flneg.c
		___flneg       		CODE           	1F0E6	0000	46

C:\Program Files\Microchip\xc8\v2.36\pic\sources\c99\common\flneg.c estimated size: 46

C:\Program Files\Microchip\xc8\v2.36\pic\sources\c99\common\isupper.c
		_isupper       		CODE           	1F058	0000	48

C:\Program Files\Microchip\xc8\v2.36\pic\sources\c99\common\isupper.c estimated size: 48

emuz80-V30G.c
		_putch         		CODE           	1F190	0000	14
		_UART_receive  		CODE           	1F1A0	0000	12
		_main          		CODE           	1DC2A	0000	804
		_Default_ISR   		CODE           	1FFFC	0000	2

emuz80-V30G.c estimated size: 832

